---
source: tui_app_server/src/history_cell.rs
expression: rendered
---
╭─────────────────────────────────────╮
│ >_ godex (v0.1.0)                   │
│                                     │
│ model:     gpt-5   /model to change │
│ directory: /tmp/project             │
╰─────────────────────────────────────╯

  Tip: Model just became available
